16:22:22 [DEBUG] (1) codspeed_runner::cli::shared: codspeed v4.17.5
16:22:22 [DEBUG] (1) codspeed_runner::cli::exec: config: OrchestratorConfig {
    upload_url: Url {
        scheme: "https",
        cannot_be_a_base: false,
        username: "",
        password: None,
        host: Some(
            Domain(
                "api.codspeed.io",
            ),
        ),
        port: None,
        path: "/upload",
        query: None,
        fragment: None,
    },
    repository_override: None,
    working_directory: None,
    targets: [
        Exec {
            command: [
                "node",
                "/home/runner/work/next-vinext-benchmark/next-vinext-benchmark/baseline/benchmarks/perf/build-time.mjs",
                "vinext",
            ],
            name: Some(
                "vinext-production-build",
            ),
            walltime_args: WalltimeExecutionArgs {
                warmup_time: Some(
                    "0s",
                ),
                max_time: Some(
                    "3m",
                ),
                min_time: None,
                max_rounds: Some(
                    1,
                ),
                min_rounds: Some(
                    1,
                ),
            },
        },
    ],
    modes: [
        Walltime,
    ],
    instruments: Instruments {
        mongodb: None,
    },
    enable_profiler: true,
    perf_unwinding_mode: None,
    walltime_profiler: Some(
        Samply,
    ),
    simulation_tool: Callgrind,
    profile_folder: Some(
        "/home/runner/work/_temp/results/next-16.2.7/perf-profiles/vinext-production-build",
    ),
    skip_upload: true,
    skip_run: false,
    skip_setup: false,
    allow_empty: false,
    go_runner_version: None,
    show_full_output: false,
    poll_results_options: PollResultsOptions {
        output_json: false,
        base_run_id: None,
    },
    extra_env: {
        "CODSPEED_MEMTRACK_BINARIES": "/home/runner/.local/share/vite-plus/js_runtime/node/24.20.0/bin/node",
    },
    fair_sched: false,
}
16:22:22 [DEBUG] (1) codspeed_runner::binary_installer: Found exec-harness version: 1.3.0
16:22:22 [DEBUG] (1) codspeed_runner::binary_installer: exec-harness version 1.3.0 is already installed
16:22:22 [DEBUG] (1) codspeed_runner::executor: Environment ready
16:22:22 [DEBUG] (1) codspeed_runner::executor::wall_time::executor: Script not found or not a file: /usr/local/bin/codspeed-pre-bench
16:22:22 [DEBUG] (1) codspeed_runner::executor::wall_time::executor: cmd: SAMPLY_BREAKPAD_SYMBOL_SERVER="https://symbols.mozilla.org/,https://symbols.electronjs.org/" SAMPLY_DISABLE_JIT_CLASSIFICATION="1" SAMPLY_USE_DEBUGINFOD="1" "/home/runner/work/_temp/codspeed" "samply" "record" "--presymbolicate" "--no-open" "--save-only" "--rate" "997" "-o" "/home/runner/work/_temp/results/next-16.2.7/perf-profiles/vinext-production-build/samply-profile.json.gz" "--" "bash" "-c" "source /tmp/.tmpv5HAl5 && bash /tmp/.tmptzAGsy" "bash" "/tmp/.tmptzAGsy"
16:22:22 [TRACE] (1) mio::poll: [/home/runner/.cargo/registry/src/index.crates.io-1949cf8c6b5b557f/mio-1.2.0/src/poll.rs:576] registering event source with poller: token=Token(140194634105472), interests=WRITABLE
16:22:22 [TRACE] (1) mio::poll: [/home/runner/.cargo/registry/src/index.crates.io-1949cf8c6b5b557f/mio-1.2.0/src/poll.rs:576] registering event source with poller: token=Token(140194634105856), interests=READABLE
16:22:22 [TRACE] (3) executor: [src/executor/helpers/run_command_with_log_pipe.rs:73] [stderr]Executing: vinext-production-build

16:22:22 [TRACE] (1) codspeed_runner::executor::shared::fifo: [src/executor/shared/fifo.rs:198] Received command: SetVersion(2)
16:22:22 [TRACE] (1) codspeed_runner::executor::shared::fifo: [src/executor/shared/fifo.rs:198] Received command: GetIntegrationMode
16:22:22 [TRACE] (1) codspeed_runner::executor::shared::fifo: [src/executor/shared/fifo.rs:198] Received command: SetVersion(2)
16:22:22 [TRACE] (1) codspeed_runner::executor::shared::fifo: [src/executor/shared/fifo.rs:198] Received command: GetIntegrationMode
16:22:22 [TRACE] (1) codspeed_runner::executor::shared::fifo: [src/executor/shared/fifo.rs:198] Received command: SetIntegration { name: "exec-harness", version: "1.3.0" }
16:22:22 [TRACE] (1) codspeed_runner::executor::shared::fifo: [src/executor/shared/fifo.rs:198] Received command: StartProfiler
16:22:22 [TRACE] (3) executor: [src/executor/helpers/run_command_with_log_pipe.rs:73] [stderr]Warmup done, now performing 1 rounds

16:22:23 [TRACE] (2) executor: [src/executor/helpers/run_command_with_log_pipe.rs:73] [1/5] analyze client references...

16:22:23 [TRACE] (2) executor: [src/executor/helpers/run_command_with_log_pipe.rs:73] [2K
16:22:24 [TRACE] (2) executor: [src/executor/helpers/run_command_with_log_pipe.rs:73] transforming...✓ 271 modules transformed.

16:22:24 [TRACE] (2) executor: [src/executor/helpers/run_command_with_log_pipe.rs:73] rendering chunks...

16:22:24 [TRACE] (2) executor: [src/executor/helpers/run_command_with_log_pipe.rs:73] ✓ built in 891ms

16:22:24 [TRACE] (2) executor: [src/executor/helpers/run_command_with_log_pipe.rs:73] [2/5] analyze server references...

16:22:24 [TRACE] (2) executor: [src/executor/helpers/run_command_with_log_pipe.rs:73] [2K
16:22:24 [TRACE] (2) executor: [src/executor/helpers/run_command_with_log_pipe.rs:73] transforming...✓ 136 modules transformed.

16:22:24 [TRACE] (2) executor: [src/executor/helpers/run_command_with_log_pipe.rs:73] rendering chunks...

16:22:24 [TRACE] (2) executor: [src/executor/helpers/run_command_with_log_pipe.rs:73] ✓ built in 398ms

16:22:24 [TRACE] (2) executor: [src/executor/helpers/run_command_with_log_pipe.rs:73] [3/5] build rsc environment...

16:22:24 [TRACE] (2) executor: [src/executor/helpers/run_command_with_log_pipe.rs:73] [2K
16:22:25 [TRACE] (2) executor: [src/executor/helpers/run_command_with_log_pipe.rs:73] transforming...✓ 262 modules transformed.

16:22:25 [TRACE] (2) executor: [src/executor/helpers/run_command_with_log_pipe.rs:73] rendering chunks...

16:22:25 [TRACE] (2) executor: [src/executor/helpers/run_command_with_log_pipe.rs:73] computing gzip size...

16:22:25 [TRACE] (2) executor: [src/executor/helpers/run_command_with_log_pipe.rs:73] dist/server/_next/static/route-kazZUnCt.js                                                                                                   0.08 kB │ gzip:  0.10 kB
dist/server/_next/static/route-DC5YuXkw.js                                                                                                   0.14 kB │ gzip:  0.14 kB
dist/server/_next/static/counter-CR2j-mJz.js                                                                                                 0.17 kB │ gzip:  0.16 kB
dist/server/_next/static/link-CqHiYhod.js                                                                                                    0.17 kB │ gzip:  0.16 kB
dist/server/_next/static/page-B1z8aUEU.js                                                                                                    0.36 kB │ gzip:  0.23 kB
dist/server/_next/static/page-C59xUr-P2.js                                                                                                   0.36 kB │ gzip:  0.23 kB

16:22:25 [TRACE] (2) executor: [src/executor/helpers/run_command_with_log_pipe.rs:73] dist/server/_next/static/page-C9XeENtY2.js                                                                                                   0.36 kB │ gzip:  0.23 kB
dist/server/_next/static/page-BtG36Wwd2.js                                                                                                   0.38 kB │ gzip:  0.23 kB
dist/server/_next/static/layout-Dp9P8MOg.js                                                                                                  0.42 kB │ gzip:  0.27 kB
dist/server/_next/static/page-BDIeP5Yb.js                                                                                                    0.43 kB │ gzip:  0.26 kB
dist/server/_next/static/page-UheUF2Qs2.js                                                                                                   0.43 kB │ gzip:  0.26 kB
dist/server/_next/static/page-CQy6tkDS.js                                                                                                    0.44 kB │ gzip:  0.26 kB

16:22:25 [TRACE] (2) executor: [src/executor/helpers/run_command_with_log_pipe.rs:73] dist/server/_next/static/page-DEegOh6Q.js                                                                                                    0.44 kB │ gzip:  0.26 kB
dist/server/_next/static/page-05-XuFto2.js                                                                                                   0.45 kB │ gzip:  0.27 kB
dist/server/_next/static/page-BDY3q8LY2.js                                                                                                   0.45 kB │ gzip:  0.26 kB
dist/server/_next/static/page-CGjNQJUY.js                                                                                                    0.45 kB │ gzip:  0.27 kB
dist/server/_next/static/page-OSlzmb1M.js                                                                                                    0.45 kB │ gzip:  0.26 kB
dist/server/_next/static/page-oicjbeuR.js                                                                                                    0.45 kB │ gzip:  0.27 kB

16:22:25 [TRACE] (2) executor: [src/executor/helpers/run_command_with_log_pipe.rs:73] dist/server/_next/static/page-suqITgho.js                                                                                                    0.45 kB │ gzip:  0.26 kB
dist/server/_next/static/page-BKn2fpd9.js                                                                                                    0.45 kB │ gzip:  0.27 kB
dist/server/_next/static/page-DmDqpFOZ.js                                                                                                    0.45 kB │ gzip:  0.27 kB
dist/server/_next/static/page-nZlfKVgI.js                                                                                                    0.45 kB │ gzip:  0.27 kB
dist/server/_next/static/page-BXBm-1Cn.js                                                                                                    0.46 kB │ gzip:  0.27 kB
dist/server/_next/static/page-CFbI0nHZ.js                                                                                                    0.46 kB │ gzip:  0.27 kB

16:22:25 [TRACE] (2) executor: [src/executor/helpers/run_command_with_log_pipe.rs:73] dist/server/_next/static/page-B2NJtEzB.js                                                                                                    0.47 kB │ gzip:  0.30 kB
dist/server/_next/static/page-BAPwetKf.js                                                                                                    0.50 kB │ gzip:  0.30 kB
dist/server/_next/static/page-D7PtePfF2.js                                                                                                   0.50 kB │ gzip:  0.30 kB
dist/server/_next/static/page-BkKk8Ubn.js                                                                                                    0.53 kB │ gzip:  0.32 kB
dist/server/_next/static/page-ChxLlufo.js                                                                                                    0.58 kB │ gzip:  0.35 kB
dist/server/_next/static/page-CUs4HEEY.js                                                                                                    0.59 kB │ gzip:  0.34 kB

16:22:25 [TRACE] (2) executor: [src/executor/helpers/run_command_with_log_pipe.rs:73] dist/server/_next/static/layout-K_CX_vDF.js                                                                                                  0.60 kB │ gzip:  0.30 kB
dist/server/_next/static/layout-DidnPgYq.js                                                                                                  0.62 kB │ gzip:  0.39 kB
dist/server/_next/static/page-ClaqRdk4.js                                                                                                    0.62 kB │ gzip:  0.37 kB
dist/server/_next/static/pregenerated-concrete-paths-CksNEs9X.js                                                                             0.68 kB │ gzip:  0.40 kB
dist/server/_next/static/rolldown-runtime-QTnfLwEv.js                                                                                        0.69 kB │ gzip:  0.42 kB
dist/server/_next/static/server-B5dwoqHD.js                                                                                                  0.74 kB │ gzip:  0.45 kB

16:22:25 [TRACE] (2) executor: [src/executor/helpers/run_command_with_log_pipe.rs:73] dist/server/_next/static/isr-decision-BR-HtAId.js                                                                                            0.76 kB │ gzip:  0.37 kB
dist/server/_next/static/page-DoqNzjz8.js                                                                                                    0.77 kB │ gzip:  0.47 kB
dist/server/_next/static/page-BXIO50_a.js                                                                                                    0.89 kB │ gzip:  0.49 kB
dist/server/_next/static/app-static-generation-BX8cz43B.js                                                                                   0.91 kB │ gzip:  0.51 kB
dist/server/_next/static/next-error-digest-DxuTUD1f.js                                                                                       0.94 kB │ gzip:  0.55 kB
dist/server/_next/static/layout-aTmyyBU1.js                                                                                                  1.02 kB │ gzip:  0.49 kB

16:22:25 [TRACE] (2) executor: [src/executor/helpers/run_command_with_log_pipe.rs:73] dist/server/_next/static/page-CKsouaoW.js                                                                                                    1.03 kB │ gzip:  0.45 kB
dist/server/_next/static/layout-CYRFUwEe.js                                                                                                  1.04 kB │ gzip:  0.50 kB
dist/server/_next/static/root-params-BD6ZIict.js                                                                                             1.14 kB │ gzip:  0.60 kB
dist/server/_next/static/page-DKQNljDX.js                                                                                                    1.23 kB │ gzip:  0.51 kB
dist/server/_next/static/page-DwqbhyNl.js                                                                                                    1.41 kB │ gzip:  0.61 kB
dist/server/_next/static/app-prerender-static-params-CDWtbNmT.js                                                                             1.51 kB │ gzip:  0.69 kB

16:22:25 [TRACE] (2) executor: [src/executor/helpers/run_command_with_log_pipe.rs:73] dist/server/_next/static/app-page-cache-render-hVYcD16R.js                                                                                   1.96 kB │ gzip:  0.92 kB
dist/server/_next/static/app-prerender-endpoints-fND9SmfX.js                                                                                 2.27 kB │ gzip:  0.94 kB
dist/server/_next/static/seed-cache-CZ0LW0Eb.js                                                                                              2.88 kB │ gzip:  1.28 kB
dist/server/_next/static/app-page-cache-finalizer-Dk8-35jB.js                                                                                3.51 kB │ gzip:  1.31 kB
dist/server/_next/static/framework~index-ByQRJM0z.js                                                                                         3.82 kB │ gzip:  1.50 kB
dist/server/_next/static/isr-cache-B_Cs8Q0D.js                                                                                               5.43 kB │ gzip:  2.40 kB

16:22:25 [TRACE] (2) executor: [src/executor/helpers/run_command_with_log_pipe.rs:73] dist/server/_next/static/app-page-cache-gaUEzsYC.js                                                                                          5.81 kB │ gzip:  1.95 kB
dist/server/_next/static/framework~index~page~page~layout~page~page~page~page~page~page~layout~page~page~page~page~p~bnyki6k5-Dvh_Cr-4.js    6.12 kB │ gzip:  2.49 kB
dist/server/_next/static/app-page-stream-DEWvh0Pa.js                                                                                        10.29 kB │ gzip:  3.84 kB
dist/server/_next/static/app-segment-config-ZNa3umn3.js                                                                                     13.26 kB │ gzip:  4.68 kB
dist/server/_next/static/cache-request-state-bBjyyiRn.js                                                                                    15.06 kB │ gzip:  5.06 kB
dist/server/_next/static/text-stream-sV5E2cqR.js                                                                                            19.46 kB │ gzip:  5.66 kB

16:22:25 [TRACE] (2) executor: [src/executor/helpers/run_command_with_log_pipe.rs:73] dist/server/_next/static/app-route-handler-dispatch-CkK1UgSo.js                                                                             30.06 kB │ gzip:  9.28 kB
dist/server/_next/static/implicit-tags-D4Nx_WK_.js                                                                                          40.26 kB │ gzip: 13.09 kB
dist/server/_next/static/framework~index~layout~page~layout~page~page~page~page~app-route-handler-dispatch-DPsxN7Im.js                      53.02 kB │ gzip: 16.04 kB
dist/server/index.js                                                                                                                       238.14 kB │ gzip: 60.05 kB


16:22:25 [TRACE] (2) executor: [src/executor/helpers/run_command_with_log_pipe.rs:73] ✓ built in 809ms

16:22:25 [TRACE] (2) executor: [src/executor/helpers/run_command_with_log_pipe.rs:73] [4/5] build client environment...

16:22:25 [TRACE] (2) executor: [src/executor/helpers/run_command_with_log_pipe.rs:73] [2K
16:22:25 [TRACE] (2) executor: [src/executor/helpers/run_command_with_log_pipe.rs:73] transforming...✓ 147 modules transformed.

16:22:25 [TRACE] (2) executor: [src/executor/helpers/run_command_with_log_pipe.rs:73] rendering chunks...

16:22:26 [TRACE] (2) executor: [src/executor/helpers/run_command_with_log_pipe.rs:73] computing gzip size...

16:22:26 [TRACE] (2) executor: [src/executor/helpers/run_command_with_log_pipe.rs:73] dist/client/vinext-client-entry-manifest.json                            0.06 kB │ gzip:  0.08 kB
dist/client/.vite/manifest.json                                          3.39 kB │ gzip:  0.59 kB
dist/client/_next/static/chunks/timer-D5f90GbR.js                        0.32 kB │ gzip:  0.25 kB
dist/client/_next/static/chunks/counter-CY2wyRRR.js                      0.45 kB │ gzip:  0.33 kB
dist/client/_next/static/chunks/layout-segment-context-C5h7HGUO.js       0.49 kB │ gzip:  0.34 kB
dist/client/_next/static/chunks/search-DiAOHuK2.js                       0.53 kB │ gzip:  0.38 kB
dist/client/_next/static/chunks/rolldown-runtime-QTnfLwEv.js             0.69 kB │ gzip:  0.42 kB
dist/client/_next/static/chunks/query-DugiHe4Q.js                        0.98 kB │ gzip:  0.49 kB
dist/client/_next/static/chunks/link-BEpusu8B.js                        12.58 kB │ gzip:  4.85 kB
dist/client/_next/static/chunks/hybrid-client-route-owner-Dnu9yw7p.js   19.48 kB │ gzip:  6.24 kB

16:22:26 [TRACE] (2) executor: [src/executor/helpers/run_command_with_log_pipe.rs:73] dist/client/_next/static/chunks/index-DX1_NJzP.js                      123.92 kB │ gzip: 34.05 kB
dist/client/_next/static/chunks/vinext-YHhDgOZh.js                     132.35 kB │ gzip: 39.70 kB
dist/client/_next/static/chunks/framework-D_IM-LFw.js                  190.13 kB │ gzip: 59.76 kB


16:22:26 [TRACE] (3) executor: [src/executor/helpers/run_command_with_log_pipe.rs:73] [stderr][33m[INEFFECTIVE_DYNAMIC_IMPORT] [0m../../packages/vinext/dist/shims/internal/app-route-prefetch-policy.js is dynamically imported by ../../packages/vinext/dist/shims/navigation.js but also statically imported by ../../packages/vinext/dist/shims/link.js, dynamic import will not move module into another chunk.


16:22:26 [TRACE] (2) executor: [src/executor/helpers/run_command_with_log_pipe.rs:73] ✓ built in 515ms

16:22:26 [TRACE] (2) executor: [src/executor/helpers/run_command_with_log_pipe.rs:73] [5/5] build ssr environment...

16:22:26 [TRACE] (2) executor: [src/executor/helpers/run_command_with_log_pipe.rs:73] [2K
16:22:26 [TRACE] (2) executor: [src/executor/helpers/run_command_with_log_pipe.rs:73] transforming...✓ 129 modules transformed.

16:22:26 [TRACE] (2) executor: [src/executor/helpers/run_command_with_log_pipe.rs:73] rendering chunks...

16:22:26 [TRACE] (2) executor: [src/executor/helpers/run_command_with_log_pipe.rs:73] computing gzip size...

16:22:26 [TRACE] (2) executor: [src/executor/helpers/run_command_with_log_pipe.rs:73] dist/server/ssr/_next/static/route-matching-DJf4hNaF.js                     0.04 kB │ gzip:  0.06 kB
dist/server/ssr/_next/static/navigation-server-BoqK24v8.js                  0.05 kB │ gzip:  0.07 kB
dist/server/ssr/_next/static/hybrid-client-route-owner-direct-CD5mdUDz.js   0.06 kB │ gzip:  0.08 kB
dist/server/ssr/_next/static/app-nav-failure-handler-BW2-CIfV.js            0.07 kB │ gzip:  0.07 kB
dist/server/ssr/_next/static/record-BGze3w87.js                             0.07 kB │ gzip:  0.09 kB
dist/server/ssr/_next/static/hybrid-client-route-owner-DyLCQg4B.js          0.19 kB │ gzip:  0.14 kB
dist/server/ssr/_next/static/base-path-2YZiaZaf.js                          0.19 kB │ gzip:  0.15 kB
dist/server/ssr/_next/static/timer-NdNsSvYa.js                              0.25 kB │ gzip:  0.20 kB
dist/server/ssr/_next/static/counter-BOK03fu5.js                            0.37 kB │ gzip:  0.28 kB

16:22:26 [TRACE] (2) executor: [src/executor/helpers/run_command_with_log_pipe.rs:73] dist/server/ssr/_next/static/app-prefetch-fetch-queue-COPyFnV7.js           0.40 kB │ gzip:  0.25 kB
dist/server/ssr/_next/static/layout-segment-context-DDsUudJR.js             0.44 kB │ gzip:  0.31 kB
dist/server/ssr/_next/static/search-Dlfc710W.js                             0.45 kB │ gzip:  0.32 kB
dist/server/ssr/_next/static/streamed-icons-D2p1hUS_.js                     0.65 kB │ gzip:  0.42 kB
dist/server/ssr/_next/static/app-router-scroll-state-Ddg0JoEg.js            1.08 kB │ gzip:  0.55 kB
dist/server/ssr/_next/static/navigation-context-state-BAQGExBK.js           1.53 kB │ gzip:  0.59 kB
dist/server/ssr/_next/static/html-limited-bots-DOMDM5qp.js                  2.01 kB │ gzip:  0.97 kB
dist/server/ssr/_next/static/app-router-scroll-4I4Za9o9.js                  2.12 kB │ gzip:  0.99 kB
dist/server/ssr/_next/static/navigation-errors-D5mcf3ZW.js                  2.18 kB │ gzip:  0.95 kB
dist/server/ssr/_next/static/app-router-context-COy8PxXN.js                 2.39 kB │ gzip:  0.97 kB

16:22:26 [TRACE] (2) executor: [src/executor/helpers/run_command_with_log_pipe.rs:73] dist/server/ssr/_next/static/app-history-state-B05nOVZN.js                  3.03 kB │ gzip:  1.30 kB
dist/server/ssr/_next/static/url-safety-BFi8fvHe.js                         3.50 kB │ gzip:  1.30 kB
dist/server/ssr/_next/static/error-boundary-D1H9EJ11.js                     5.57 kB │ gzip:  1.73 kB
dist/server/ssr/_next/static/link-rsLi3jcn.js                               7.39 kB │ gzip:  3.19 kB
dist/server/ssr/_next/static/app-elements-Cyk2vh13.js                      11.31 kB │ gzip:  3.57 kB
dist/server/ssr/_next/static/navigation-ChIHLvvH.js                        51.77 kB │ gzip: 15.64 kB
dist/server/ssr/index.js                                                   60.27 kB │ gzip: 21.08 kB


16:22:26 [TRACE] (3) executor: [src/executor/helpers/run_command_with_log_pipe.rs:73] [stderr][33m[INEFFECTIVE_DYNAMIC_IMPORT] [0m../../packages/vinext/dist/shims/default-global-error.js is dynamically imported by \0virtual:vite-rsc/client-references but also statically imported by ../../packages/vinext/dist/server/app-ssr-entry.js, ../../packages/vinext/dist/shims/error-boundary.js, dynamic import will not move module into another chunk.


16:22:26 [TRACE] (3) executor: [src/executor/helpers/run_command_with_log_pipe.rs:73] [stderr][33m[INEFFECTIVE_DYNAMIC_IMPORT] [0m../../packages/vinext/dist/shims/slot.js is dynamically imported by \0virtual:vite-rsc/client-references but also statically imported by ../../packages/vinext/dist/server/app-ssr-entry.js, dynamic import will not move module into another chunk.


16:22:26 [TRACE] (2) executor: [src/executor/helpers/run_command_with_log_pipe.rs:73] ✓ built in 299ms

16:22:26 [TRACE] (1) codspeed_runner::executor::shared::fifo: [src/executor/shared/fifo.rs:198] Received command: AddMarker { pid: 4278, marker: RoundStart(193875939711) }
16:22:26 [TRACE] (1) codspeed_runner::executor::shared::fifo: [src/executor/shared/fifo.rs:198] Received command: AddMarker { pid: 4278, marker: RoundEnd(197903852251) }
16:22:26 [TRACE] (1) codspeed_runner::executor::shared::fifo: [src/executor/shared/fifo.rs:198] Received command: StopProfiler
16:22:26 [TRACE] (1) codspeed_runner::executor::shared::fifo: [src/executor/shared/fifo.rs:198] Received command: CurrentBenchmark { pid: 4278, uri: "exec_harness::vinext-production-build" }
16:22:26 [TRACE] (3) executor: [src/executor/helpers/run_command_with_log_pipe.rs:73] [stderr]Symbolicating...

16:22:27 [DEBUG] (1) codspeed_runner::executor::shared::fifo: Process terminated with status: exit status: 0, stopping the command handler
16:22:27 [TRACE] (1) mio::poll: [/home/runner/.cargo/registry/src/index.crates.io-1949cf8c6b5b557f/mio-1.2.0/src/poll.rs:707] deregistering event source from poller
16:22:27 [TRACE] (1) mio::poll: [/home/runner/.cargo/registry/src/index.crates.io-1949cf8c6b5b557f/mio-1.2.0/src/poll.rs:707] deregistering event source from poller
16:22:27 [DEBUG] (1) codspeed_runner::executor::wall_time::executor: cmd exit status: ExitStatus(unix_wait_status(0))
16:22:27 [DEBUG] (1) codspeed_runner::executor::wall_time::executor: Script not found or not a file: /usr/local/bin/codspeed-post-bench
16:22:27 [DEBUG] (1) codspeed_runner::executor: Tearing down the executor
16:22:27 [DEBUG] (1) codspeed_runner::executor::wall_time::executor: Copying files to the profile folder
16:22:27 [DEBUG] (1) runner_shared::artifacts: Saved ExecutionTimestamps result to "/home/runner/work/_temp/results/next-16.2.7/perf-profiles/vinext-production-build"
16:22:27 [DEBUG] (1) codspeed_runner::executor::wall_time::helpers: Validating walltime results in "/home/runner/work/_temp/results/next-16.2.7/perf-profiles/vinext-production-build/results"
16:22:27 [DEBUG] (1) codspeed_runner::executor::wall_time::helpers: Parsing walltime results from "/home/runner/work/_temp/results/next-16.2.7/perf-profiles/vinext-production-build/results/4278.json"
16:22:27 [DEBUG] (1) codspeed_runner::executor::wall_time::helpers: Found 1 benchmark(s) in "/home/runner/work/_temp/results/next-16.2.7/perf-profiles/vinext-production-build/results/4278.json"
16:22:27 [DEBUG] (1) codspeed_runner::cli::run::logger: Persisting log file to /home/runner/work/_temp/results/next-16.2.7/perf-profiles/vinext-production-build/runner.log
