(node:4068) [MODULE_TYPELESS_PACKAGE_JSON] Warning: Module type of file:///home/runner/work/_temp/deployments/next-cloudflare/cloudflare.config.ts?cf-no-cache=9a01ae16-e2d1-4b0d-8365-7be778dd8f2a is not specified and it doesn't parse as CommonJS.
Reparsing as ES module because module syntax was detected. This incurs a performance overhead.
To eliminate this warning, add "type": "module" to /home/runner/work/_temp/deployments/next-cloudflare/package.json.
(Use `node --trace-warnings ...` to show where the warning was created)
Warning: Module type of file:///home/runner/work/_temp/deployments/next-cloudflare/cloudflare.config.ts?cf-no-cache=9a01ae16-e2d1-4b0d-8365-7be778dd8f2a is not specified and it doesn't parse as CommonJS.
Reparsing as ES module because module syntax was detected. This incurs a performance overhead.
To eliminate this warning, add "type": "module" to /home/runner/work/_temp/deployments/next-cloudflare/package.json.
    at warnTypelessPackageJsonFile (node:internal/modules/esm/get_format:158:13)
    at Object.getFileProtocolModuleFormat [as file:] (node:internal/modules/esm/get_format:212:7)
    at defaultGetFormat (node:internal/modules/esm/get_format:283:36)
    at defaultLoadSync (node:internal/modules/esm/load:161:16)
    at #loadAndMaybeBlockOnLoaderThread (node:internal/modules/esm/loader:806:12)
    at nextStep (node:internal/modules/customization_hooks:189:26)
    at load (file:///home/runner/.local/share/vite-plus/js_runtime/node/24.20.0/lib/node_modules/cf/dist/dist-C-6VkMPZ.mjs:134:2784)
    at nextStep (node:internal/modules/customization_hooks:189:26)
    at loadWithHooks (node:internal/modules/customization_hooks:374:18)
    at #loadSync (node:internal/modules/esm/loader:829:16)
├  Deploy
│  🌀 Building list of assets...
│  ✨ Read 19 files from the assets directory /home/runner/work/_temp/deployments/next-cloudflare/.cloudflare/output/v0/workers/default/assets
│  🌀 Starting asset upload...
│  🌀 Found 1 new or modified static asset to upload. Proceeding with upload...
│  + /BUILD_ID
│  Uploaded 1 of 1 asset
│  ✨ Success! Uploaded 1 file (14 already uploaded) (0.95 sec)
│
│  Total Upload: 4851.25 KiB / gzip: 985.40 KiB
│  Worker Startup Time: 30 ms
│  Your Worker has access to the following bindings:
│  Binding            Resource      
│  env.ASSETS         Assets        
│
│  Uploaded next-vinext-bench-next (5.18 sec)
│  Deployed next-vinext-bench-next triggers (0.71 sec)
│    https://next-vinext-bench-next.daddias97.workers.dev
│  Current Version ID: 7fed5855-37aa-4095-95d2-b92aa0c5e4bb
│
◆  Deploy complete
