Vercel CLI 59.7.0 (Node.js 24.20.0)
WARNING! Build not running on Vercel. System environment variables will not be available.
Detected `pnpm-lock.yaml` 9 which may be generated by pnpm@9.x, pnpm@10.x, or pnpm@11.x
Using pnpm@10.x based on project creation date
To use a different version, set package.json#packageManager or package.json#devEngines.packageManager
Installing dependencies...
Already up to date
Done in 529ms using pnpm v11.1.1
Running "pnpm run build"
$ NITRO_PRESET=vercel vp build
[info] [nitro:vercel] Using `nodejs24.x` runtime.
[info] [nitro:vercel] Using `web` entry format.
[34m[1/5] analyze client references...[39m
[2Ktransforming...✓ 271 modules transformed.
rendering chunks...
[32m✓ built in 635ms[39m
[34m[2/5] analyze server references...[39m
[2Ktransforming...✓ 141 modules transformed.
rendering chunks...
[32m✓ built in 357ms[39m
[34m[3/5] build rsc environment...[39m
[2Ktransforming...✓ 262 modules transformed.
rendering chunks...
computing gzip size...
node_modules/.nitro/vite/services/rsc/_next/static/route-kazZUnCt.js                                                                                                   0.08 kB │ gzip:  0.10 kB
node_modules/.nitro/vite/services/rsc/_next/static/route-DC5YuXkw.js                                                                                                   0.14 kB │ gzip:  0.14 kB
node_modules/.nitro/vite/services/rsc/_next/static/counter-D0CT7pUw.js                                                                                                 0.20 kB │ gzip:  0.17 kB
node_modules/.nitro/vite/services/rsc/_next/static/link-B6uvIxdw.js                                                                                                    0.21 kB │ gzip:  0.18 kB
node_modules/.nitro/vite/services/rsc/_next/static/page-BDPn6uuj2.js                                                                                                   0.39 kB │ gzip:  0.25 kB
node_modules/.nitro/vite/services/rsc/_next/static/page-BeBKN7Z12.js                                                                                                   0.39 kB │ gzip:  0.25 kB
node_modules/.nitro/vite/services/rsc/_next/static/page-D4CgtBpP.js                                                                                                    0.39 kB │ gzip:  0.25 kB
node_modules/.nitro/vite/services/rsc/_next/static/page-BGVwcbbI2.js                                                                                                   0.41 kB │ gzip:  0.26 kB
node_modules/.nitro/vite/services/rsc/_next/static/layout-CD5z8XyQ.js                                                                                                  0.45 kB │ gzip:  0.30 kB
node_modules/.nitro/vite/services/rsc/_next/static/page-B0HNfht_2.js                                                                                                   0.46 kB │ gzip:  0.28 kB
node_modules/.nitro/vite/services/rsc/_next/static/page-DjmY20qN.js                                                                                                    0.47 kB │ gzip:  0.28 kB
node_modules/.nitro/vite/services/rsc/_next/static/page-b29uDZGK.js                                                                                                    0.47 kB │ gzip:  0.29 kB
node_modules/.nitro/vite/services/rsc/_next/static/page-DoWn-p1_.js                                                                                                    0.47 kB │ gzip:  0.29 kB
node_modules/.nitro/vite/services/rsc/_next/static/page-B9-ijkWs.js                                                                                                    0.48 kB │ gzip:  0.29 kB
node_modules/.nitro/vite/services/rsc/_next/static/page-BbzoH3bF.js                                                                                                    0.48 kB │ gzip:  0.29 kB
node_modules/.nitro/vite/services/rsc/_next/static/page-CwgRyFm4.js                                                                                                    0.48 kB │ gzip:  0.28 kB
node_modules/.nitro/vite/services/rsc/_next/static/page-DlCddA9u.js                                                                                                    0.48 kB │ gzip:  0.29 kB
node_modules/.nitro/vite/services/rsc/_next/static/page-R79Pa-182.js                                                                                                   0.48 kB │ gzip:  0.29 kB
node_modules/.nitro/vite/services/rsc/_next/static/page-ns_c0GHT2.js                                                                                                   0.48 kB │ gzip:  0.29 kB
node_modules/.nitro/vite/services/rsc/_next/static/page-BmzCMGHM.js                                                                                                    0.48 kB │ gzip:  0.29 kB
node_modules/.nitro/vite/services/rsc/_next/static/page-CBzgFyH_.js                                                                                                    0.48 kB │ gzip:  0.29 kB
node_modules/.nitro/vite/services/rsc/_next/static/page-pnNGxza_.js                                                                                                    0.48 kB │ gzip:  0.29 kB
node_modules/.nitro/vite/services/rsc/_next/static/page-BnkTVdbG.js                                                                                                    0.49 kB │ gzip:  0.29 kB
node_modules/.nitro/vite/services/rsc/_next/static/page-DgBGefaM.js                                                                                                    0.49 kB │ gzip:  0.29 kB
node_modules/.nitro/vite/services/rsc/_next/static/page-C3s3JrIr.js                                                                                                    0.50 kB │ gzip:  0.32 kB
node_modules/.nitro/vite/services/rsc/_next/static/page-CRL9D_A7.js                                                                                                    0.53 kB │ gzip:  0.32 kB
node_modules/.nitro/vite/services/rsc/_next/static/page-CbSK1tS02.js                                                                                                   0.53 kB │ gzip:  0.32 kB
node_modules/.nitro/vite/services/rsc/_next/static/page-BTU5edvJ.js                                                                                                    0.56 kB │ gzip:  0.34 kB
node_modules/.nitro/vite/services/rsc/_next/static/page-Bi1A8PE9.js                                                                                                    0.62 kB │ gzip:  0.36 kB
node_modules/.nitro/vite/services/rsc/_next/static/page-CzOjRGzu.js                                                                                                    0.63 kB │ gzip:  0.38 kB
node_modules/.nitro/vite/services/rsc/_next/static/layout-BR_gBm3A.js                                                                                                  0.63 kB │ gzip:  0.33 kB
node_modules/.nitro/vite/services/rsc/_next/static/page-sfBrYSis.js                                                                                                    0.65 kB │ gzip:  0.40 kB
node_modules/.nitro/vite/services/rsc/_next/static/layout-fW5xmgLm.js                                                                                                  0.67 kB │ gzip:  0.43 kB
node_modules/.nitro/vite/services/rsc/_next/static/rolldown-runtime-DyDhcJfK.js                                                                                        0.72 kB │ gzip:  0.44 kB
node_modules/.nitro/vite/services/rsc/_next/static/page-UbJ2qn52.js                                                                                                    0.82 kB │ gzip:  0.50 kB
node_modules/.nitro/vite/services/rsc/_next/static/server-Dw5IYc3x.js                                                                                                  0.83 kB │ gzip:  0.49 kB
node_modules/.nitro/vite/services/rsc/_next/static/pregenerated-concrete-paths-B1Qf7fO1.js                                                                             0.86 kB │ gzip:  0.48 kB
node_modules/.nitro/vite/services/rsc/_next/static/isr-decision-BwHEGNNc.js                                                                                            0.89 kB │ gzip:  0.42 kB
node_modules/.nitro/vite/services/rsc/_next/static/app-static-generation-BX8cz43B.js                                                                                   0.91 kB │ gzip:  0.51 kB
node_modules/.nitro/vite/services/rsc/_next/static/page-DqCE7bid.js                                                                                                    0.93 kB │ gzip:  0.52 kB
node_modules/.nitro/vite/services/rsc/_next/static/page-BGHRITyb.js                                                                                                    1.06 kB │ gzip:  0.47 kB
node_modules/.nitro/vite/services/rsc/_next/static/next-error-digest-D489CTgr.js                                                                                       1.07 kB │ gzip:  0.61 kB
node_modules/.nitro/vite/services/rsc/_next/static/layout-wAeWpefa.js                                                                                                  1.08 kB │ gzip:  0.52 kB
node_modules/.nitro/vite/services/rsc/_next/static/layout-CQ3JN4ex.js                                                                                                  1.10 kB │ gzip:  0.54 kB
node_modules/.nitro/vite/services/rsc/_next/static/page-C9X4u9z6.js                                                                                                    1.27 kB │ gzip:  0.53 kB
node_modules/.nitro/vite/services/rsc/_next/static/root-params-BxzLuA-Z.js                                                                                             1.37 kB │ gzip:  0.69 kB
node_modules/.nitro/vite/services/rsc/_next/static/page-DaPvL10S.js                                                                                                    1.46 kB │ gzip:  0.65 kB
node_modules/.nitro/vite/services/rsc/_next/static/app-prerender-static-params-2sDfhqMS.js                                                                             1.62 kB │ gzip:  0.74 kB
node_modules/.nitro/vite/services/rsc/_next/static/app-page-cache-render-Q_Y2u4kg.js                                                                                   2.31 kB │ gzip:  1.05 kB
node_modules/.nitro/vite/services/rsc/_next/static/app-prerender-endpoints-CbvxeqDv.js                                                                                 2.32 kB │ gzip:  0.96 kB
node_modules/.nitro/vite/services/rsc/_next/static/seed-cache-D-y64K89.js                                                                                              3.06 kB │ gzip:  1.34 kB
node_modules/.nitro/vite/services/rsc/_next/static/app-page-cache-finalizer-B2lOW091.js                                                                                3.81 kB │ gzip:  1.45 kB
node_modules/.nitro/vite/services/rsc/_next/static/framework~index-uoh3yW3u.js                                                                                         3.95 kB │ gzip:  1.56 kB
node_modules/.nitro/vite/services/rsc/_next/static/isr-cache-58DYXWmo.js                                                                                               6.01 kB │ gzip:  2.64 kB
node_modules/.nitro/vite/services/rsc/_next/static/framework~index~page~page~layout~page~page~page~page~page~page~layout~page~page~page~page~p~bnyki6k5-DHkFXwC6.js    6.19 kB │ gzip:  2.53 kB
node_modules/.nitro/vite/services/rsc/_next/static/app-page-cache-BE0QxUQ4.js                                                                                          6.30 kB │ gzip:  2.15 kB
node_modules/.nitro/vite/services/rsc/_next/static/app-page-stream-CNJvoqrn.js                                                                                        11.22 kB │ gzip:  4.15 kB
node_modules/.nitro/vite/services/rsc/_next/static/app-segment-config-Dqp8qQJT.js                                                                                     14.01 kB │ gzip:  5.04 kB
node_modules/.nitro/vite/services/rsc/_next/static/cache-request-state-BLuUWbI7.js                                                                                    17.03 kB │ gzip:  5.64 kB
node_modules/.nitro/vite/services/rsc/_next/static/text-stream-Dne1EFsG.js                                                                                            20.77 kB │ gzip:  6.06 kB
node_modules/.nitro/vite/services/rsc/_next/static/app-route-handler-dispatch-DdnpFIlG.js                                                                             31.15 kB │ gzip:  9.66 kB
node_modules/.nitro/vite/services/rsc/_next/static/implicit-tags-13AesI24.js                                                                                          42.61 kB │ gzip: 13.84 kB
node_modules/.nitro/vite/services/rsc/_next/static/framework~index~layout~page~layout~page~page~page~page~app-route-handler-dispatch-CMImiQTB.js                      53.15 kB │ gzip: 16.08 kB
node_modules/.nitro/vite/services/rsc/index.js                                                                                                                       242.95 kB │ gzip: 61.83 kB

[32m✓ built in 663ms[39m
[34m[4/5] build client environment...[39m
[2Ktransforming...✓ 147 modules transformed.
rendering chunks...
computing gzip size...
.vercel/output/static/vinext-client-entry-manifest.json                            0.06 kB │ gzip:  0.08 kB
.vercel/output/static/.vite/manifest.json                                          4.63 kB │ gzip:  0.69 kB
.vercel/output/static/_next/static/chunks/timer-D5f90GbR.js                        0.32 kB │ gzip:  0.25 kB
.vercel/output/static/_next/static/chunks/counter-CY2wyRRR.js                      0.45 kB │ gzip:  0.33 kB
.vercel/output/static/_next/static/chunks/layout-segment-context-F3xxow7C.js       0.49 kB │ gzip:  0.34 kB
.vercel/output/static/_next/static/chunks/search-DiAOHuK2.js                       0.53 kB │ gzip:  0.38 kB
.vercel/output/static/_next/static/chunks/rolldown-runtime-QTnfLwEv.js             0.69 kB │ gzip:  0.42 kB
.vercel/output/static/_next/static/chunks/query-DugiHe4Q.js                        0.98 kB │ gzip:  0.49 kB
.vercel/output/static/_next/static/chunks/link-cBon64Ae.js                        12.58 kB │ gzip:  4.85 kB
.vercel/output/static/_next/static/chunks/hybrid-client-route-owner-ryQiq0yH.js   19.48 kB │ gzip:  6.24 kB
.vercel/output/static/_next/static/chunks/index-YFZoD54M.js                      123.91 kB │ gzip: 34.04 kB
.vercel/output/static/_next/static/chunks/vinext-opU9VToQ.js                     132.35 kB │ gzip: 39.70 kB
.vercel/output/static/_next/static/chunks/framework-D_IM-LFw.js                  190.13 kB │ gzip: 59.76 kB

[32m✓ built in 438ms[39m
[34m[5/5] build ssr environment...[39m
[2Ktransforming...✓ 139 modules transformed.
rendering chunks...
computing gzip size...
node_modules/.nitro/vite/services/ssr/_next/static/navigation-server-BDBbvP0B.js                   0.05 kB │ gzip:  0.07 kB
node_modules/.nitro/vite/services/ssr/_next/static/route-matching-BMnZr0Lc.js                      0.06 kB │ gzip:  0.08 kB
node_modules/.nitro/vite/services/ssr/_next/static/hybrid-client-route-owner-direct-BlMTwWgu.js    0.08 kB │ gzip:  0.10 kB
node_modules/.nitro/vite/services/ssr/_next/static/record-D4kICXU3.js                              0.09 kB │ gzip:  0.10 kB
node_modules/.nitro/vite/services/ssr/_next/static/app-nav-failure-handler-XG1when4.js             0.16 kB │ gzip:  0.11 kB
node_modules/.nitro/vite/services/ssr/_next/static/hybrid-client-route-owner-8ZG1aVih.js           0.19 kB │ gzip:  0.14 kB
node_modules/.nitro/vite/services/ssr/_next/static/base-path-DiGMDorG.js                           0.23 kB │ gzip:  0.17 kB
node_modules/.nitro/vite/services/ssr/_next/static/static.edge-DahVNheP.js                         0.26 kB │ gzip:  0.19 kB
node_modules/.nitro/vite/services/ssr/_next/static/timer-BcOG6h4C.js                               0.35 kB │ gzip:  0.26 kB
node_modules/.nitro/vite/services/ssr/_next/static/app-prefetch-fetch-queue-COPyFnV7.js            0.40 kB │ gzip:  0.25 kB
node_modules/.nitro/vite/services/ssr/_next/static/jsx-runtime-1YGFiOAH.js                         0.45 kB │ gzip:  0.32 kB
node_modules/.nitro/vite/services/ssr/_next/static/counter-D_Zp14dl.js                             0.48 kB │ gzip:  0.35 kB
node_modules/.nitro/vite/services/ssr/_next/static/layout-segment-context-C-bO9_v1.js              0.51 kB │ gzip:  0.35 kB
node_modules/.nitro/vite/services/ssr/_next/static/search-DsRN3uVi.js                              0.56 kB │ gzip:  0.39 kB
node_modules/.nitro/vite/services/ssr/_next/static/streamed-icons-CzCpVTWj.js                      0.71 kB │ gzip:  0.46 kB
node_modules/.nitro/vite/services/ssr/_next/static/app-router-scroll-state-DlbtuME5.js             1.26 kB │ gzip:  0.60 kB
node_modules/.nitro/vite/services/ssr/_next/static/navigation-context-state-BwDVcz0O.js            1.86 kB │ gzip:  0.70 kB
node_modules/.nitro/vite/services/ssr/_next/static/html-limited-bots-BqyZHnxM.js                   2.17 kB │ gzip:  1.08 kB
node_modules/.nitro/vite/services/ssr/_next/static/app-router-scroll-Bgy9jFvQ.js                   2.38 kB │ gzip:  1.10 kB
node_modules/.nitro/vite/services/ssr/_next/static/navigation-errors-CcROvpPQ.js                   2.47 kB │ gzip:  1.06 kB
node_modules/.nitro/vite/services/ssr/_next/static/app-router-context-CNEzj4np.js                  2.55 kB │ gzip:  1.04 kB
node_modules/.nitro/vite/services/ssr/_next/static/react-dom-CDEPHDRP.js                           3.58 kB │ gzip:  1.35 kB
node_modules/.nitro/vite/services/ssr/_next/static/app-history-state-D6lrLtNF.js                   3.65 kB │ gzip:  1.56 kB
node_modules/.nitro/vite/services/ssr/_next/static/url-safety-DfUHrnxY.js                          3.66 kB │ gzip:  1.39 kB
node_modules/.nitro/vite/services/ssr/_next/static/error-boundary-BJe7fndQ.js                      5.92 kB │ gzip:  1.84 kB
node_modules/.nitro/vite/services/ssr/_next/static/link-DnEKRXYC.js                                7.86 kB │ gzip:  3.34 kB
node_modules/.nitro/vite/services/ssr/_next/static/react-BhbJFMT5.js                               7.93 kB │ gzip:  3.09 kB
node_modules/.nitro/vite/services/ssr/_next/static/app-elements-CNJkYTNc.js                       11.48 kB │ gzip:  3.62 kB
node_modules/.nitro/vite/services/ssr/_next/static/navigation-CkL5cAqN.js                         53.36 kB │ gzip: 16.23 kB
node_modules/.nitro/vite/services/ssr/index.js                                                   253.52 kB │ gzip: 79.72 kB

[33m[33m[INEFFECTIVE_DYNAMIC_IMPORT] [0mnode_modules/.pnpm/vinext@file+..+..+packages+vinext-1.0.0-beta.8.tgz_@vitejs+plugin-react@6.1.0_@voidzero_c8f94aa749dc4ffd072a5a63bd13867a/node_modules/vinext/dist/shims/default-global-error.js is dynamically imported by \0virtual:vite-rsc/client-references but also statically imported by node_modules/.pnpm/vinext@file+..+..+packages+vinext-1.0.0-beta.8.tgz_@vitejs+plugin-react@6.1.0_@voidzero_c8f94aa749dc4ffd072a5a63bd13867a/node_modules/vinext/dist/server/app-ssr-entry.js, node_modules/.pnpm/vinext@file+..+..+packages+vinext-1.0.0-beta.8.tgz_@vitejs+plugin-react@6.1.0_@voidzero_c8f94aa749dc4ffd072a5a63bd13867a/node_modules/vinext/dist/shims/error-boundary.js, dynamic import will not move module into another chunk.
[39m
[33m[33m[INEFFECTIVE_DYNAMIC_IMPORT] [0mnode_modules/.pnpm/vinext@file+..+..+packages+vinext-1.0.0-beta.8.tgz_@vitejs+plugin-react@6.1.0_@voidzero_c8f94aa749dc4ffd072a5a63bd13867a/node_modules/vinext/dist/shims/slot.js is dynamically imported by \0virtual:vite-rsc/client-references but also statically imported by node_modules/.pnpm/vinext@file+..+..+packages+vinext-1.0.0-beta.8.tgz_@vitejs+plugin-react@6.1.0_@voidzero_c8f94aa749dc4ffd072a5a63bd13867a/node_modules/vinext/dist/server/app-ssr-entry.js, dynamic import will not move module into another chunk.
[39m
[32m✓ built in 561ms[39m
[info] [nitro] Skipping RSC (already built)
[start] [nitro] Building [[35mNitro[39m] [2m(preset: `vercel`, compatibility: `2026-08-27`)[22m
[success] [nitro] Generated public [36m.vercel/output/static[39m
[2Ktransforming...✓ 139 modules transformed.
nf3: could not resolve `traceInclude` entry "@alinea/generated" from any root
nf3: could not resolve `traceInclude` entry "@appsignal/nodejs" from any root
nf3: could not resolve `traceInclude` entry "@aws-sdk/client-s3" from any root
nf3: could not resolve `traceInclude` entry "@aws-sdk/s3-presigned-post" from any root
nf3: could not resolve `traceInclude` entry "@blockfrost/blockfrost-js" from any root
nf3: could not resolve `traceInclude` entry "@highlight-run/node" from any root
nf3: could not resolve `traceInclude` entry "@huggingface/transformers" from any root
nf3: could not resolve `traceInclude` entry "@jpg-store/lucid-cardano" from any root
nf3: could not resolve `traceInclude` entry "@libsql/client" from any root
nf3: could not resolve `traceInclude` entry "@mikro-orm/core" from any root
nf3: could not resolve `traceInclude` entry "@mikro-orm/knex" from any root
nf3: could not resolve `traceInclude` entry "@node-rs/argon2" from any root
nf3: could not resolve `traceInclude` entry "@node-rs/bcrypt" from any root
nf3: could not resolve `traceInclude` entry "@prisma/client" from any root
nf3: could not resolve `traceInclude` entry "@react-pdf/renderer" from any root
nf3: could not resolve `traceInclude` entry "@sentry/profiling-node" from any root
nf3: could not resolve `traceInclude` entry "@sparticuz/chromium" from any root
nf3: could not resolve `traceInclude` entry "@sparticuz/chromium-min" from any root
nf3: could not resolve `traceInclude` entry "@statsig/statsig-node-core" from any root
nf3: could not resolve `traceInclude` entry "@swc/core" from any root
nf3: could not resolve `traceInclude` entry "@xenova/transformers" from any root
nf3: could not resolve `traceInclude` entry "@zenstackhq/runtime" from any root
nf3: could not resolve `traceInclude` entry "argon2" from any root
nf3: could not resolve `traceInclude` entry "autoprefixer" from any root
nf3: could not resolve `traceInclude` entry "aws-crt" from any root
nf3: could not resolve `traceInclude` entry "bcrypt" from any root
nf3: could not resolve `traceInclude` entry "better-sqlite3" from any root
nf3: could not resolve `traceInclude` entry "canvas" from any root
nf3: could not resolve `traceInclude` entry "chromadb-default-embed" from any root
nf3: could not resolve `traceInclude` entry "config" from any root
nf3: could not resolve `traceInclude` entry "cpu-features" from any root
nf3: could not resolve `traceInclude` entry "cypress" from any root
nf3: could not resolve `traceInclude` entry "dd-trace" from any root
nf3: could not resolve `traceInclude` entry "eslint" from any root
nf3: could not resolve `traceInclude` entry "express" from any root
nf3: could not resolve `traceInclude` entry "firebase-admin" from any root
nf3: could not resolve `traceInclude` entry "htmlrewriter" from any root
nf3: could not resolve `traceInclude` entry "import-in-the-middle" from any root
nf3: could not resolve `traceInclude` entry "isolated-vm" from any root
nf3: could not resolve `traceInclude` entry "jest" from any root
nf3: could not resolve `traceInclude` entry "jsdom" from any root
nf3: could not resolve `traceInclude` entry "keyv" from any root
nf3: could not resolve `traceInclude` entry "libsql" from any root
nf3: could not resolve `traceInclude` entry "mdx-bundler" from any root
nf3: could not resolve `traceInclude` entry "mongodb" from any root
nf3: could not resolve `traceInclude` entry "mongoose" from any root
nf3: could not resolve `traceInclude` entry "newrelic" from any root
nf3: could not resolve `traceInclude` entry "next-mdx-remote" from any root
nf3: could not resolve `traceInclude` entry "next-seo" from any root
nf3: could not resolve `traceInclude` entry "node-cron" from any root
nf3: could not resolve `traceInclude` entry "node-pty" from any root
nf3: could not resolve `traceInclude` entry "node-web-audio-api" from any root
nf3: could not resolve `traceInclude` entry "onnxruntime-node" from any root
nf3: could not resolve `traceInclude` entry "oslo" from any root
nf3: could not resolve `traceInclude` entry "pg" from any root
nf3: could not resolve `traceInclude` entry "pino" from any root
nf3: could not resolve `traceInclude` entry "pino-pretty" from any root
nf3: could not resolve `traceInclude` entry "pino-roll" from any root
nf3: could not resolve `traceInclude` entry "playwright" from any root
nf3: could not resolve `traceInclude` entry "playwright-core" from any root
nf3: could not resolve `traceInclude` entry "prettier" from any root
nf3: could not resolve `traceInclude` entry "prisma" from any root
nf3: could not resolve `traceInclude` entry "puppeteer" from any root
nf3: could not resolve `traceInclude` entry "puppeteer-core" from any root
nf3: could not resolve `traceInclude` entry "ravendb" from any root
nf3: could not resolve `traceInclude` entry "require-in-the-middle" from any root
nf3: could not resolve `traceInclude` entry "rimraf" from any root
nf3: could not resolve `traceInclude` entry "sharp" from any root
nf3: could not resolve `traceInclude` entry "shiki" from any root
nf3: could not resolve `traceInclude` entry "sqlite3" from any root
nf3: could not resolve `traceInclude` entry "thread-stream" from any root
nf3: could not resolve `traceInclude` entry "ts-morph" from any root
nf3: could not resolve `traceInclude` entry "ts-node" from any root
nf3: could not resolve `traceInclude` entry "typescript" from any root
nf3: could not resolve `traceInclude` entry "vscode-oniguruma" from any root
nf3: could not resolve `traceInclude` entry "websocket" from any root
nf3: could not resolve `traceInclude` entry "zeromq" from any root
[info] Tracing dependencies:
- `postcss` (8.5.26)
- `webpack` (5.109.2)
- `nanoid` (3.3.18)
- `neo-async` (2.6.2)
- `source-map-js` (1.2.1)
- `picocolors` (1.1.1)
- `schema-utils` (4.3.3)
- `webpack-sources` (3.5.1)
- `tapable` (2.3.3)
- `eslint-scope` (5.1.1)
- `graceful-fs` (4.2.11)
- `acorn` (8.18.0)
- `es-module-lexer` (2.3.2)
- `watchpack` (2.5.2)
- `enhanced-resolve` (5.24.5)
- `chrome-trace-event` (1.0.4)
- `mime-db` (1.54.0)
- `@webassemblyjs/wasm-parser` (1.14.1)
- `@webassemblyjs/ast` (1.14.1)
- `@webassemblyjs/wasm-edit` (1.14.1)
- `minimizer-webpack-plugin` (5.6.1)
- `estraverse` (4.3.0, 5.3.0)
- `esrecurse` (4.3.0)
- `ajv-formats` (2.1.1)
- `ajv` (8.20.0)
- `ajv-keywords` (5.1.0)
- `browserslist` (4.28.8)
- `@webassemblyjs/helper-api-error` (1.13.2)
- `@webassemblyjs/leb128` (1.13.2)
- `@webassemblyjs/helper-wasm-bytecode` (1.13.2)
- `@webassemblyjs/ieee754` (1.13.2)
- `@webassemblyjs/utf8` (1.13.2)
- `@webassemblyjs/helper-numbers` (1.13.2)
- `@webassemblyjs/wasm-gen` (1.14.1)
- `@webassemblyjs/wasm-opt` (1.14.1)
- `@webassemblyjs/helper-wasm-section` (1.14.1)
- `@webassemblyjs/helper-buffer` (1.14.1)
- `terser` (5.50.0)
- `jest-worker` (27.5.1)
- `@jridgewell/trace-mapping` (0.3.31)
- `lightningcss` (1.33.0)
- `electron-to-chromium` (1.5.415)
- `baseline-browser-mapping` (2.11.19)
- `node-releases` (2.0.53)
- `caniuse-lite` (1.0.30001810)
- `@xtuc/ieee754` (1.2.0)
- `@webassemblyjs/floating-point-hex-parser` (1.13.2)
- `@xtuc/long` (4.2.2)
- `json-schema-traverse` (1.0.0)
- `fast-deep-equal` (3.1.3)
- `fast-uri` (3.1.6)
- `@jridgewell/sourcemap-codec` (1.5.5)
- `@jridgewell/resolve-uri` (3.1.2)
- `@jridgewell/source-map` (0.3.11)
- `detect-libc` (2.1.2)
- `supports-color` (8.1.1)
- `merge-stream` (2.0.0)
- `@jridgewell/gen-mapping` (0.3.13)
- `has-flag` (4.0.0)
- `lightningcss-linux-x64-gnu` (1.33.0)
[success] Traced 60 dependencies (1109 files) in 3926ms.
[info] Ensure your production environment matches the builder OS and architecture (`linux-x64`) to avoid native module issues.
rendering chunks...
computing gzip size...
.vercel/output/functions/__server.func/_ssr/route-matching-BMnZr0Lc.mjs                                                                                          0.04 kB │ gzip:  0.06 kB
.vercel/output/functions/__server.func/_libs/_.mjs                                                                                                               0.06 kB │ gzip:  0.07 kB
.vercel/output/functions/__server.func/_ssr/app-nav-failure-handler-XG1when4.mjs                                                                                 0.06 kB │ gzip:  0.06 kB
.vercel/output/functions/__server.func/_ssr/route-kazZUnCt.mjs                                                                                                   0.08 kB │ gzip:  0.10 kB
.vercel/output/functions/__server.func/_ssr/route-DC5YuXkw.mjs                                                                                                   0.14 kB │ gzip:  0.14 kB
.vercel/output/functions/__server.func/_ssr/hybrid-client-route-owner-8ZG1aVih.mjs                                                                               0.16 kB │ gzip:  0.13 kB
.vercel/output/functions/__server.func/_ssr/counter-D0CT7pUw.mjs                                                                                                 0.17 kB │ gzip:  0.16 kB
.vercel/output/functions/__server.func/_ssr/link-B6uvIxdw.mjs                                                                                                    0.17 kB │ gzip:  0.16 kB
.vercel/output/functions/__server.func/_ssr/static.edge-DahVNheP.mjs                                                                                             0.20 kB │ gzip:  0.15 kB
.vercel/output/functions/__server.func/_ssr/ssr2.mjs                                                                                                             0.20 kB │ gzip:  0.17 kB
.vercel/output/functions/__server.func/_ssr/timer-BcOG6h4C.mjs                                                                                                   0.31 kB │ gzip:  0.25 kB
.vercel/output/functions/__server.func/_ssr/page-BDPn6uuj2.mjs                                                                                                   0.36 kB │ gzip:  0.23 kB
.vercel/output/functions/__server.func/_ssr/page-BeBKN7Z12.mjs                                                                                                   0.36 kB │ gzip:  0.24 kB
.vercel/output/functions/__server.func/_ssr/page-D4CgtBpP.mjs                                                                                                    0.36 kB │ gzip:  0.23 kB
.vercel/output/functions/__server.func/_ssr/page-BGVwcbbI2.mjs                                                                                                   0.38 kB │ gzip:  0.24 kB
.vercel/output/functions/__server.func/_ssr/app-prefetch-fetch-queue-COPyFnV7.mjs                                                                                0.40 kB │ gzip:  0.25 kB
.vercel/output/functions/__server.func/_ssr/jsx-runtime-1YGFiOAH.mjs                                                                                             0.42 kB │ gzip:  0.29 kB
.vercel/output/functions/__server.func/_chunks/ssr-renderer.mjs                                                                                                  0.42 kB │ gzip:  0.28 kB
.vercel/output/functions/__server.func/_ssr/layout-CD5z8XyQ.mjs                                                                                                  0.42 kB │ gzip:  0.28 kB
.vercel/output/functions/__server.func/_ssr/page-B0HNfht_2.mjs                                                                                                   0.43 kB │ gzip:  0.26 kB
.vercel/output/functions/__server.func/_ssr/page-DoWn-p1_.mjs                                                                                                    0.43 kB │ gzip:  0.26 kB
.vercel/output/functions/__server.func/_ssr/counter-D_Zp14dl.mjs                                                                                                 0.44 kB │ gzip:  0.32 kB
.vercel/output/functions/__server.func/_ssr/page-DjmY20qN.mjs                                                                                                    0.44 kB │ gzip:  0.26 kB
.vercel/output/functions/__server.func/_ssr/page-b29uDZGK.mjs                                                                                                    0.44 kB │ gzip:  0.27 kB
.vercel/output/functions/__server.func/_ssr/page-B9-ijkWs.mjs                                                                                                    0.45 kB │ gzip:  0.27 kB
.vercel/output/functions/__server.func/_ssr/page-BbzoH3bF.mjs                                                                                                    0.45 kB │ gzip:  0.27 kB
.vercel/output/functions/__server.func/_ssr/page-CwgRyFm4.mjs                                                                                                    0.45 kB │ gzip:  0.27 kB
.vercel/output/functions/__server.func/_ssr/page-DlCddA9u.mjs                                                                                                    0.45 kB │ gzip:  0.27 kB
.vercel/output/functions/__server.func/_ssr/page-R79Pa-182.mjs                                                                                                   0.45 kB │ gzip:  0.27 kB
.vercel/output/functions/__server.func/_ssr/page-ns_c0GHT2.mjs                                                                                                   0.45 kB │ gzip:  0.27 kB
.vercel/output/functions/__server.func/_ssr/page-BmzCMGHM.mjs                                                                                                    0.45 kB │ gzip:  0.27 kB
.vercel/output/functions/__server.func/_ssr/page-CBzgFyH_.mjs                                                                                                    0.45 kB │ gzip:  0.27 kB
.vercel/output/functions/__server.func/_ssr/page-pnNGxza_.mjs                                                                                                    0.45 kB │ gzip:  0.27 kB
.vercel/output/functions/__server.func/_ssr/layout-segment-context-C-bO9_v1.mjs                                                                                  0.45 kB │ gzip:  0.32 kB
.vercel/output/functions/__server.func/_ssr/page-BnkTVdbG.mjs                                                                                                    0.46 kB │ gzip:  0.27 kB
.vercel/output/functions/__server.func/_ssr/page-DgBGefaM.mjs                                                                                                    0.46 kB │ gzip:  0.27 kB
.vercel/output/functions/__server.func/_ssr/page-C3s3JrIr.mjs                                                                                                    0.47 kB │ gzip:  0.30 kB
.vercel/output/functions/__server.func/_ssr/page-CRL9D_A7.mjs                                                                                                    0.50 kB │ gzip:  0.30 kB
.vercel/output/functions/__server.func/_ssr/page-CbSK1tS02.mjs                                                                                                   0.50 kB │ gzip:  0.30 kB
.vercel/output/functions/__server.func/_ssr/search-DsRN3uVi.mjs                                                                                                  0.52 kB │ gzip:  0.37 kB
.vercel/output/functions/__server.func/_ssr/page-BTU5edvJ.mjs                                                                                                    0.53 kB │ gzip:  0.32 kB
.vercel/output/functions/__server.func/_ssr/page-CzOjRGzu.mjs                                                                                                    0.58 kB │ gzip:  0.35 kB
.vercel/output/functions/__server.func/_ssr/page-Bi1A8PE9.mjs                                                                                                    0.59 kB │ gzip:  0.34 kB
.vercel/output/functions/__server.func/_ssr/layout-BR_gBm3A.mjs                                                                                                  0.60 kB │ gzip:  0.31 kB
.vercel/output/functions/__server.func/_ssr/layout-fW5xmgLm.mjs                                                                                                  0.62 kB │ gzip:  0.40 kB
.vercel/output/functions/__server.func/_ssr/page-sfBrYSis.mjs                                                                                                    0.62 kB │ gzip:  0.38 kB
.vercel/output/functions/__server.func/_ssr/pregenerated-concrete-paths-B1Qf7fO1.mjs                                                                             0.65 kB │ gzip:  0.39 kB
.vercel/output/functions/__server.func/_ssr/streamed-icons-CzCpVTWj.mjs                                                                                          0.69 kB │ gzip:  0.45 kB
.vercel/output/functions/__server.func/_ssr/isr-decision-BwHEGNNc.mjs                                                                                            0.75 kB │ gzip:  0.36 kB
.vercel/output/functions/__server.func/_ssr/page-UbJ2qn52.mjs                                                                                                    0.77 kB │ gzip:  0.47 kB
.vercel/output/functions/__server.func/_ssr/app-static-generation-BX8cz43B.mjs                                                                                   0.87 kB │ gzip:  0.49 kB
.vercel/output/functions/__server.func/_ssr/page-DqCE7bid.mjs                                                                                                    0.89 kB │ gzip:  0.49 kB
.vercel/output/functions/__server.func/_ssr/next-error-digest-D489CTgr.mjs                                                                                       0.91 kB │ gzip:  0.54 kB
.vercel/output/functions/__server.func/_ssr/page-BGHRITyb.mjs                                                                                                    1.03 kB │ gzip:  0.45 kB
.vercel/output/functions/__server.func/_ssr/app-router-scroll-state-DlbtuME5.mjs                                                                                 1.05 kB │ gzip:  0.54 kB
.vercel/output/functions/__server.func/_ssr/layout-CQ3JN4ex.mjs                                                                                                  1.05 kB │ gzip:  0.51 kB
.vercel/output/functions/__server.func/_ssr/root-params-BxzLuA-Z.mjs                                                                                             1.10 kB │ gzip:  0.58 kB
.vercel/output/functions/__server.func/_ssr/page-C9X4u9z6.mjs                                                                                                    1.24 kB │ gzip:  0.50 kB
.vercel/output/functions/__server.func/_ssr/page-DaPvL10S.mjs                                                                                                    1.41 kB │ gzip:  0.62 kB
.vercel/output/functions/__server.func/_ssr/app-prerender-static-params-2sDfhqMS.mjs                                                                             1.50 kB │ gzip:  0.68 kB
.vercel/output/functions/__server.func/_ssr/navigation-context-state-BwDVcz0O.mjs                                                                                1.51 kB │ gzip:  0.60 kB
.vercel/output/functions/__server.func/_ssr/app-page-cache-render-Q_Y2u4kg.mjs                                                                                   1.99 kB │ gzip:  0.94 kB
.vercel/output/functions/__server.func/_ssr/html-limited-bots-BqyZHnxM.mjs                                                                                       1.99 kB │ gzip:  0.96 kB
.vercel/output/functions/__server.func/_ssr/app-router-scroll-Bgy9jFvQ.mjs                                                                                       2.20 kB │ gzip:  1.03 kB
.vercel/output/functions/__server.func/_ssr/app-prerender-endpoints-CbvxeqDv.mjs                                                                                 2.28 kB │ gzip:  0.94 kB
.vercel/output/functions/__server.func/_ssr/seed-cache-D-y64K89.mjs                                                                                              2.88 kB │ gzip:  1.28 kB
.vercel/output/functions/__server.func/index.mjs                                                                                                                 3.09 kB │ gzip:  1.55 kB
.vercel/output/functions/__server.func/_ssr/app-page-cache-finalizer-B2lOW091.mjs                                                                                3.51 kB │ gzip:  1.32 kB
.vercel/output/functions/__server.func/_ssr/react-dom-CDEPHDRP.mjs                                                                                               3.53 kB │ gzip:  1.33 kB
.vercel/output/functions/__server.func/_ssr/url-safety-DfUHrnxY.mjs                                                                                              3.71 kB │ gzip:  1.37 kB
.vercel/output/functions/__server.func/_ssr/isr-cache-58DYXWmo.mjs                                                                                               5.30 kB │ gzip:  2.36 kB
.vercel/output/functions/__server.func/_ssr/error-boundary-BJe7fndQ.mjs                                                                                          5.67 kB │ gzip:  1.73 kB
.vercel/output/functions/__server.func/_ssr/app-page-cache-BE0QxUQ4.mjs                                                                                          5.93 kB │ gzip:  1.99 kB
.vercel/output/functions/__server.func/_ssr/framework~index~page~page~layout~page~page~page~page~page~page~layout~page~page~page~page~p~bnyki6k5-DHkFXwC6.mjs    6.74 kB │ gzip:  2.75 kB
.vercel/output/functions/__server.func/_ssr/link-DnEKRXYC.mjs                                                                                                    7.60 kB │ gzip:  3.21 kB
.vercel/output/functions/__server.func/_ssr/react-BhbJFMT5.mjs                                                                                                   7.87 kB │ gzip:  3.05 kB
.vercel/output/functions/__server.func/_ssr/app-page-stream-CNJvoqrn.mjs                                                                                        10.16 kB │ gzip:  3.78 kB
.vercel/output/functions/__server.func/_ssr/app-segment-config-Dqp8qQJT.mjs                                                                                     13.12 kB │ gzip:  4.63 kB
.vercel/output/functions/__server.func/_ssr/cache-request-state-BLuUWbI7.mjs                                                                                    14.63 kB │ gzip:  4.88 kB
.vercel/output/functions/__server.func/_ssr/app-history-state-D6lrLtNF.mjs                                                                                      19.15 kB │ gzip:  6.28 kB
.vercel/output/functions/__server.func/_ssr/text-stream-Dne1EFsG.mjs                                                                                            19.38 kB │ gzip:  5.63 kB
.vercel/output/functions/__server.func/_libs/h3+rou3+srvx.mjs                                                                                                   19.56 kB │ gzip:  7.27 kB
.vercel/output/functions/__server.func/_ssr/app-route-handler-dispatch-DdnpFIlG.mjs                                                                             30.00 kB │ gzip:  9.26 kB
.vercel/output/functions/__server.func/_ssr/implicit-tags-13AesI24.mjs                                                                                          40.05 kB │ gzip: 13.03 kB
.vercel/output/functions/__server.func/_ssr/navigation-CkL5cAqN.mjs                                                                                             51.71 kB │ gzip: 15.64 kB
.vercel/output/functions/__server.func/_ssr/server-Dw5IYc3x.mjs                                                                                                 53.55 kB │ gzip: 16.23 kB
.vercel/output/functions/__server.func/_ssr/rsc.mjs                                                                                                            241.80 kB │ gzip: 61.63 kB
.vercel/output/functions/__server.func/_ssr/ssr.mjs                                                                                                            257.97 kB │ gzip: 80.13 kB

[33m[33m[PLUGIN_TIMINGS] [0mYour build spent significant time in plugins. Here is a breakdown:
  - rsc:scan-strip (22%)
  - nitro:externals (12%)
  - vinext:middleware-server-only (12%)
  - vinext:jsx-in-js (11%)
  - vinext:ignore-dynamic-requests (7%)
See https://rolldown.rs/reference/InputOptions.checks#plugintimings for more details.
[39m
[32m✓ built in 5.05s[39m
[info] Generated [36m.vercel/output/nitro.json[39m
[success] [nitro] You can preview this build using `npx vite preview`
[success] [nitro] You can deploy this build using `npx nitro deploy --prebuilt`
Build Completed in .vercel/output [10s]
