Vercel CLI 59.7.0 (Node.js 24.20.0)
WARNING! Build not running on Vercel. System environment variables will not be available.
Installing dependencies...

up to date in 215ms

6 packages are looking for funding
  run `npm fund` for details
npm warn install-scripts 1 package has install scripts not yet covered by allowScripts:
npm warn install-scripts   sharp@0.34.5 (install: node install/check.js || npm run build)
npm warn install-scripts
npm warn install-scripts Run `npm install-scripts ls` to review, or `npm install-scripts approve <pkg>` to allow.
Detected Next.js version: 16.2.7
Running "npm run build"

> build
> next build --turbopack

▲ Next.js 16.2.7 (Turbopack)
- Environments: .env.local

  Creating an optimized production build ...
✓ Compiled successfully in 2.0s
  Skipping validation of types
  Finished TypeScript config validation in 14ms ...
  Collecting page data using 3 workers ...
  Generating static pages using 3 workers (0/3) ...
✓ Generating static pages using 3 workers (3/3) in 69ms
  Finalizing page optimization ...

Route (app)
┌ ƒ /
├ ƒ /_not-found
├ ƒ /about
├ ƒ /api/data
├ ƒ /api/health
├ ƒ /blog
├ ƒ /blog/[slug]
├ ƒ /careers
├ ƒ /changelog
├ ƒ /community
├ ƒ /contact
├ ƒ /dashboard
├ ƒ /dashboard/analytics
├ ƒ /dashboard/settings
├ ƒ /dashboard/users
├ ƒ /docs
├ ƒ /docs/[...slug]
├ ƒ /faq
├ ƒ /features
├ ƒ /partners
├ ƒ /press
├ ƒ /pricing
├ ƒ /privacy
├ ƒ /products
├ ƒ /products/[id]
├ ƒ /roadmap
├ ƒ /security
├ ƒ /settings
├ ƒ /settings/billing
├ ƒ /settings/notifications
├ ƒ /settings/profile
├ ƒ /support
├ ƒ /team
└ ƒ /terms


ƒ  (Dynamic)  server-rendered on demand

Traced Next.js server files in: 22.64ms
Created all serverless functions in: 156.666ms
Collected static files (public/, static/, .next/static): 1.289ms
Build Completed in .vercel/output [4s]
