Vercel CLI 59.5.0 (Node.js 24.20.0)
WARNING! Build not running on Vercel. System environment variables will not be available.
Installing dependencies with npm 11.19.0

up to date in 274ms

6 packages are looking for funding
  run `npm fund` for details
Detected Next.js version: 16.3.3
Running "npm run build"

> build
> next build --turbopack

▲ Next.js 16.3.3 (Turbopack)
- Environments: .env.local
✓ Running next.config.ts took 23ms

  Creating an optimized production build ...
✓ Compiled successfully in 2.1s
  Skipping validation of types
  Finished TypeScript config validation in 20ms ...
  Collecting page data using 3 workers ...
  Generating static pages using 3 workers (0/3) ...
✓ Generating static pages using 3 workers (3/3) in 100ms
  Finalizing page optimization ...

Route (app)
┌ ƒ /
├ ƒ /_not-found
├ ƒ /about
├ ƒ /api/data
├ ƒ /api/health
├ ƒ /blog
├ ƒ /blog/[slug]
├ ƒ /careers
├ ƒ /changelog
├ ƒ /community
├ ƒ /contact
├ ƒ /dashboard
├ ƒ /dashboard/analytics
├ ƒ /dashboard/settings
├ ƒ /dashboard/users
├ ƒ /docs
├ ƒ /docs/[...slug]
├ ƒ /faq
├ ƒ /features
├ ƒ /partners
├ ƒ /press
├ ƒ /pricing
├ ƒ /privacy
├ ƒ /products
├ ƒ /products/[id]
├ ƒ /roadmap
├ ƒ /security
├ ƒ /settings
├ ƒ /settings/billing
├ ƒ /settings/notifications
├ ƒ /settings/profile
├ ƒ /support
├ ƒ /team
└ ƒ /terms


ƒ  (Dynamic)  server-rendered on demand

Traced Next.js server files in: 33.33ms
Created all serverless functions in: 197.673ms
Collected static files (public/, static/, .next/static): 1.892ms
Build Completed in .vercel/output [5s]
